[INFO] Scanning for projects...
[INFO] 
[INFO] --------------------------< com.example:api >---------------------------
[INFO] Building OpenDental API 0.0.1-SNAPSHOT
[INFO]   from pom.xml
[INFO] --------------------------------[ jar ]---------------------------------
[INFO] 
[INFO] --- resources:3.3.1:resources (default-resources) @ api ---
[INFO] Copying 1 resource from src\main\resources to target\classes
[INFO] Copying 0 resource from src\main\resources to target\classes
[INFO] 
[INFO] --- compiler:3.13.0:compile (default-compile) @ api ---
[INFO] Nothing to compile - all classes are up to date.
[INFO] 
[INFO] --- resources:3.3.1:testResources (default-testResources) @ api ---
[INFO] Copying 2 resources from src\test\resources to target\test-classes
[INFO] 
[INFO] --- compiler:3.13.0:testCompile (default-testCompile) @ api ---
[INFO] Recompiling the module because of added or removed source files.
[INFO] Compiling 14 source files with javac [debug parameters release 17] to target\test-classes
[INFO] /C:/0000_Mahesh_apps/000000000_Hamza_Apo-Final-Hamza-app/src/test/java/com/clinic/opendental/controller/OpenDentalWebhookControllerTest.java: C:\0000_Mahesh_apps\000000000_Hamza_Apo-Final-Hamza-app\src\test\java\com\clinic\opendental\controller\OpenDentalWebhookControllerTest.java uses unchecked or unsafe operations.
[INFO] /C:/0000_Mahesh_apps/000000000_Hamza_Apo-Final-Hamza-app/src/test/java/com/clinic/opendental/controller/OpenDentalWebhookControllerTest.java: Recompile with -Xlint:unchecked for details.
[INFO] 
[INFO] --- surefire:3.2.5:test (default-test) @ api ---
[INFO] Using auto detected provider org.apache.maven.surefire.junitplatform.JUnitPlatformProvider
[INFO] 
[INFO] -------------------------------------------------------
[INFO]  T E S T S
[INFO] -------------------------------------------------------
[INFO] Running com.clinic.opendental.client.OpenDentalClientDiseaseDefsTest
[INFO] Tests run: 3, Failures: 0, Errors: 0, Skipped: 0, Time elapsed: 0.383 s -- in com.clinic.opendental.client.OpenDentalClientDiseaseDefsTest
[INFO] Running com.clinic.opendental.config.RestTemplateConfigTest
[ERROR] Tests run: 3, Failures: 0, Errors: 3, Skipped: 0, Time elapsed: 0.018 s <<< FAILURE! -- in com.clinic.opendental.config.RestTemplateConfigTest
[ERROR] com.clinic.opendental.config.RestTemplateConfigTest.appliesConfiguredApiKeyToPatientUpdate -- Time elapsed: 0.008 s <<< ERROR!
java.lang.Error: 
Unresolved compilation problems: 
	This lambda expression refers to the missing type ClientHttpRequestExecution
	ClientHttpRequestExecution cannot be resolved to a type
	Syntax error, insert ":: IdentifierOrNew" to complete ReferenceExpression
	Syntax error, insert ";" to complete BlockStatements
	IOException cannot be resolved to a variable
	request cannot be resolved
	request cannot be resolved
	execution cannot be resolved
	request cannot be resolved to a variable
	body cannot be resolved to a variable

	at com.clinic.opendental.config.RestTemplateConfig.restTemplate(RestTemplateConfig.java:34)
	at com.clinic.opendental.config.RestTemplateConfigTest.appliesConfiguredApiKeyToPatientUpdate(RestTemplateConfigTest.java:33)
	at java.base/java.lang.reflect.Method.invoke(Method.java:569)
	at java.base/java.util.ArrayList.forEach(ArrayList.java:1511)
	at java.base/java.util.ArrayList.forEach(ArrayList.java:1511)

[ERROR] com.clinic.opendental.config.RestTemplateConfigTest.clinicApiKeyTakesPrecedenceOverConfiguredDefault -- Time elapsed: 0.002 s <<< ERROR!
java.lang.Error: 
Unresolved compilation problems: 
	This lambda expression refers to the missing type ClientHttpRequestExecution
	ClientHttpRequestExecution cannot be resolved to a type
	Syntax error, insert ":: IdentifierOrNew" to complete ReferenceExpression
	Syntax error, insert ";" to complete BlockStatements
	IOException cannot be resolved to a variable
	request cannot be resolved
	request cannot be resolved
	execution cannot be resolved
	request cannot be resolved to a variable
	body cannot be resolved to a variable

	at com.clinic.opendental.config.RestTemplateConfig.restTemplate(RestTemplateConfig.java:34)
	at com.clinic.opendental.config.RestTemplateConfigTest.clinicApiKeyTakesPrecedenceOverConfiguredDefault(RestTemplateConfigTest.java:50)
	at java.base/java.lang.reflect.Method.invoke(Method.java:569)
	at java.base/java.util.ArrayList.forEach(ArrayList.java:1511)
	at java.base/java.util.ArrayList.forEach(ArrayList.java:1511)

[ERROR] com.clinic.opendental.config.RestTemplateConfigTest.omitsAuthorizationHeaderWhenNoKeyIsConfigured -- Time elapsed: 0.001 s <<< ERROR!
java.lang.Error: 
Unresolved compilation problems: 
	This lambda expression refers to the missing type ClientHttpRequestExecution
	ClientHttpRequestExecution cannot be resolved to a type
	Syntax error, insert ":: IdentifierOrNew" to complete ReferenceExpression
	Syntax error, insert ";" to complete BlockStatements
	IOException cannot be resolved to a variable
	request cannot be resolved
	request cannot be resolved
	execution cannot be resolved
	request cannot be resolved to a variable
	body cannot be resolved to a variable

	at com.clinic.opendental.config.RestTemplateConfig.restTemplate(RestTemplateConfig.java:34)
	at com.clinic.opendental.config.RestTemplateConfigTest.omitsAuthorizationHeaderWhenNoKeyIsConfigured(RestTemplateConfigTest.java:68)
	at java.base/java.lang.reflect.Method.invoke(Method.java:569)
	at java.base/java.util.ArrayList.forEach(ArrayList.java:1511)
	at java.base/java.util.ArrayList.forEach(ArrayList.java:1511)

[INFO] Running com.clinic.opendental.controller.AllergiesControllerTest
19:10:12.071 [main] INFO org.springframework.test.context.support.AnnotationConfigContextLoaderUtils -- Could not detect default configuration classes for test class [com.clinic.opendental.controller.AllergiesControllerTest]: AllergiesControllerTest does not declare any static, non-private, non-final, nested classes annotated with @Configuration.
19:10:12.270 [main] INFO org.springframework.boot.test.context.SpringBootTestContextBootstrapper -- Found @SpringBootConfiguration com.clinic.opendental.OpenDentalApiApplication for test class com.clinic.opendental.controller.AllergiesControllerTest

  .   ____          _            __ _ _
 /\\ / ___'_ __ _ _(_)_ __  __ _ \ \ \ \
( ( )\___ | '_ | '_| | '_ \/ _` | \ \ \ \
 \\/  ___)| |_)| | | | | || (_| |  ) ) ) )
  '  |____| .__|_| |_|_| |_\__, | / / / /
 =========|_|==============|___/=/_/_/_/

 :: Spring Boot ::                (v3.3.5)

2026-10-02 19:10:12.731 [main] INFO  c.c.o.c.AllergiesControllerTest - Starting AllergiesControllerTest using Java 17.0.17 with PID 32008 (started by user in C:\0000_Mahesh_apps\000000000_Hamza_Apo-Final-Hamza-app)
2026-10-02 19:10:12.733 [main] INFO  c.c.o.c.AllergiesControllerTest - No active profile set, falling back to 1 default profile: "default"
2026-10-02 19:10:14.670 [main] INFO  o.s.b.t.m.w.SpringBootMockServletContext - Initializing Spring TestDispatcherServlet ''
2026-10-02 19:10:14.671 [main] INFO  o.s.t.w.s.TestDispatcherServlet - Initializing Servlet ''
2026-10-02 19:10:14.673 [main] INFO  o.s.t.w.s.TestDispatcherServlet - Completed initialization in 1 ms
2026-10-02 19:10:14.699 [main] INFO  c.c.o.c.AllergiesControllerTest - Started AllergiesControllerTest in 2.355 seconds (process running for 3.654)
[INFO] Tests run: 7, Failures: 0, Errors: 0, Skipped: 0, Time elapsed: 2.929 s -- in com.clinic.opendental.controller.AllergiesControllerTest
[INFO] Running com.clinic.opendental.controller.AllergyDefsControllerTest
2026-10-02 19:10:14.948 [main] INFO  o.s.t.c.s.AnnotationConfigContextLoaderUtils - Could not detect default configuration classes for test class [com.clinic.opendental.controller.AllergyDefsControllerTest]: AllergyDefsControllerTest does not declare any static, non-private, non-final, nested classes annotated with @Configuration.
2026-10-02 19:10:14.962 [main] INFO  o.s.b.t.c.SpringBootTestContextBootstrapper - Found @SpringBootConfiguration com.clinic.opendental.OpenDentalApiApplication for test class com.clinic.opendental.controller.AllergyDefsControllerTest

  .   ____          _            __ _ _
 /\\ / ___'_ __ _ _(_)_ __  __ _ \ \ \ \
( ( )\___ | '_ | '_| | '_ \/ _` | \ \ \ \
 \\/  ___)| |_)| | | | | || (_| |  ) ) ) )
  '  |____| .__|_| |_|_| |_\__, | / / / /
 =========|_|==============|___/=/_/_/_/

 :: Spring Boot ::                (v3.3.5)

2026-10-02 19:10:15.010 [main] INFO  c.c.o.c.AllergyDefsControllerTest - Starting AllergyDefsControllerTest using Java 17.0.17 with PID 32008 (started by user in C:\0000_Mahesh_apps\000000000_Hamza_Apo-Final-Hamza-app)
2026-10-02 19:10:15.010 [main] INFO  c.c.o.c.AllergyDefsControllerTest - No active profile set, falling back to 1 default profile: "default"
2026-10-02 19:10:15.354 [main] INFO  o.s.b.t.m.w.SpringBootMockServletContext - Initializing Spring TestDispatcherServlet ''
2026-10-02 19:10:15.354 [main] INFO  o.s.t.w.s.TestDispatcherServlet - Initializing Servlet ''
2026-10-02 19:10:15.355 [main] INFO  o.s.t.w.s.TestDispatcherServlet - Completed initialization in 1 ms
2026-10-02 19:10:15.359 [main] INFO  c.c.o.c.AllergyDefsControllerTest - Started AllergyDefsControllerTest in 0.39 seconds (process running for 4.314)
[INFO] Tests run: 6, Failures: 0, Errors: 0, Skipped: 0, Time elapsed: 0.464 s -- in com.clinic.opendental.controller.AllergyDefsControllerTest
[INFO] Running com.clinic.opendental.controller.ApiPatientsControllerTest
2026-10-02 19:10:15.414 [main] INFO  o.s.t.c.s.AnnotationConfigContextLoaderUtils - Could not detect default configuration classes for test class [com.clinic.opendental.controller.ApiPatientsControllerTest]: ApiPatientsControllerTest does not declare any static, non-private, non-final, nested classes annotated with @Configuration.
2026-10-02 19:10:15.427 [main] INFO  o.s.b.t.c.SpringBootTestContextBootstrapper - Found @SpringBootConfiguration com.clinic.opendental.OpenDentalApiApplication for test class com.clinic.opendental.controller.ApiPatientsControllerTest

  .   ____          _            __ _ _
 /\\ / ___'_ __ _ _(_)_ __  __ _ \ \ \ \
( ( )\___ | '_ | '_| | '_ \/ _` | \ \ \ \
 \\/  ___)| |_)| | | | | || (_| |  ) ) ) )
  '  |____| .__|_| |_|_| |_\__, | / / / /
 =========|_|==============|___/=/_/_/_/

 :: Spring Boot ::                (v3.3.5)

2026-10-02 19:10:15.456 [main] INFO  c.c.o.c.ApiPatientsControllerTest - Starting ApiPatientsControllerTest using Java 17.0.17 with PID 32008 (started by user in C:\0000_Mahesh_apps\000000000_Hamza_Apo-Final-Hamza-app)
2026-10-02 19:10:15.456 [main] INFO  c.c.o.c.ApiPatientsControllerTest - No active profile set, falling back to 1 default profile: "default"
2026-10-02 19:10:15.718 [main] INFO  o.s.b.t.m.w.SpringBootMockServletContext - Initializing Spring TestDispatcherServlet ''
2026-10-02 19:10:15.718 [main] INFO  o.s.t.w.s.TestDispatcherServlet - Initializing Servlet ''
2026-10-02 19:10:15.719 [main] INFO  o.s.t.w.s.TestDispatcherServlet - Completed initialization in 1 ms
2026-10-02 19:10:15.724 [main] INFO  c.c.o.c.ApiPatientsControllerTest - Started ApiPatientsControllerTest in 0.296 seconds (process running for 4.678)
[INFO] Tests run: 8, Failures: 0, Errors: 0, Skipped: 0, Time elapsed: 0.501 s -- in com.clinic.opendental.controller.ApiPatientsControllerTest
[INFO] Running com.clinic.opendental.controller.DiseaseDefsControllerTest
2026-10-02 19:10:15.919 [main] INFO  o.s.t.c.s.AnnotationConfigContextLoaderUtils - Could not detect default configuration classes for test class [com.clinic.opendental.controller.DiseaseDefsControllerTest]: DiseaseDefsControllerTest does not declare any static, non-private, non-final, nested classes annotated with @Configuration.
2026-10-02 19:10:15.926 [main] INFO  o.s.b.t.c.SpringBootTestContextBootstrapper - Found @SpringBootConfiguration com.clinic.opendental.OpenDentalApiApplication for test class com.clinic.opendental.controller.DiseaseDefsControllerTest

  .   ____          _            __ _ _
 /\\ / ___'_ __ _ _(_)_ __  __ _ \ \ \ \
( ( )\___ | '_ | '_| | '_ \/ _` | \ \ \ \
 \\/  ___)| |_)| | | | | || (_| |  ) ) ) )
  '  |____| .__|_| |_|_| |_\__, | / / / /
 =========|_|==============|___/=/_/_/_/

 :: Spring Boot ::                (v3.3.5)

2026-10-02 19:10:15.952 [main] INFO  c.c.o.c.DiseaseDefsControllerTest - Starting DiseaseDefsControllerTest using Java 17.0.17 with PID 32008 (started by user in C:\0000_Mahesh_apps\000000000_Hamza_Apo-Final-Hamza-app)
2026-10-02 19:10:15.953 [main] INFO  c.c.o.c.DiseaseDefsControllerTest - No active profile set, falling back to 1 default profile: "default"
2026-10-02 19:10:16.247 [main] INFO  o.s.b.t.m.w.SpringBootMockServletContext - Initializing Spring TestDispatcherServlet ''
2026-10-02 19:10:16.247 [main] INFO  o.s.t.w.s.TestDispatcherServlet - Initializing Servlet ''
2026-10-02 19:10:16.250 [main] INFO  o.s.t.w.s.TestDispatcherServlet - Completed initialization in 3 ms
2026-10-02 19:10:16.272 [main] INFO  c.c.o.c.DiseaseDefsControllerTest - Started DiseaseDefsControllerTest in 0.344 seconds (process running for 5.227)
[INFO] Tests run: 6, Failures: 0, Errors: 0, Skipped: 0, Time elapsed: 0.447 s -- in com.clinic.opendental.controller.DiseaseDefsControllerTest
[INFO] Running com.clinic.opendental.controller.OpenDentalWebhookControllerTest
2026-10-02 19:10:16.368 [main] INFO  o.s.t.c.s.AnnotationConfigContextLoaderUtils - Could not detect default configuration classes for test class [com.clinic.opendental.controller.OpenDentalWebhookControllerTest]: OpenDentalWebhookControllerTest does not declare any static, non-private, non-final, nested classes annotated with @Configuration.
2026-10-02 19:10:16.375 [main] INFO  o.s.b.t.c.SpringBootTestContextBootstrapper - Found @SpringBootConfiguration com.clinic.opendental.OpenDentalApiApplication for test class com.clinic.opendental.controller.OpenDentalWebhookControllerTest

  .   ____          _            __ _ _
 /\\ / ___'_ __ _ _(_)_ __  __ _ \ \ \ \
( ( )\___ | '_ | '_| | '_ \/ _` | \ \ \ \
 \\/  ___)| |_)| | | | | || (_| |  ) ) ) )
  '  |____| .__|_| |_|_| |_\__, | / / / /
 =========|_|==============|___/=/_/_/_/

 :: Spring Boot ::                (v3.3.5)

2026-10-02 19:10:16.398 [main] INFO  c.c.o.c.OpenDentalWebhookControllerTest - Starting OpenDentalWebhookControllerTest using Java 17.0.17 with PID 32008 (started by user in C:\0000_Mahesh_apps\000000000_Hamza_Apo-Final-Hamza-app)
2026-10-02 19:10:16.399 [main] INFO  c.c.o.c.OpenDentalWebhookControllerTest - No active profile set, falling back to 1 default profile: "default"
2026-10-02 19:10:16.826 [main] INFO  o.s.b.t.m.w.SpringBootMockServletContext - Initializing Spring TestDispatcherServlet ''
2026-10-02 19:10:16.826 [main] INFO  o.s.t.w.s.TestDispatcherServlet - Initializing Servlet ''
2026-10-02 19:10:16.827 [main] INFO  o.s.t.w.s.TestDispatcherServlet - Completed initialization in 1 ms
2026-10-02 19:10:16.836 [main] INFO  c.c.o.c.OpenDentalWebhookControllerTest - Started OpenDentalWebhookControllerTest in 0.459 seconds (process running for 5.791)
2026-10-02 19:10:16.843 [main] INFO  c.c.o.c.OpenDentalWebhookController - >>> Appointment webhook endpoint hit. Raw body length=0, body=null
2026-10-02 19:10:16.847 [main] INFO  c.c.o.c.OpenDentalWebhookController - Webhook received: 0 appointment(s)
2026-10-02 19:10:16.862 [main] INFO  c.c.o.c.OpenDentalWebhookController - Query webhook received: command=empty
2026-10-02 19:10:16.869 [main] INFO  c.c.o.c.OpenDentalWebhookController - Webhook received: 0 patient(s)
2026-10-02 19:10:16.878 [main] INFO  c.c.o.c.OpenDentalWebhookController - Webhook received: 1 document record(s)
2026-10-02 19:10:16.897 [main] INFO  c.c.o.c.OpenDentalWebhookController - Query webhook received: command=SELECT * FROM patient
2026-10-02 19:10:16.913 [main] INFO  c.c.o.c.OpenDentalWebhookController - Webhook received: 1 patient(s)
2026-10-02 19:10:16.925 [main] INFO  c.c.o.c.OpenDentalWebhookController - >>> Appointment webhook endpoint hit. Raw body length=1047, body=[
  {
    "AptNum": 59,
    "PatNum": 11,
    "AptStatus": "UnschedList",
    "Pattern": "//////",
    "Confirmed": 21,
    "confirmed": "Confirmed",
    "TimeLocked": "true",
    "Op": 0,
    "Note": "",
    "ProvNum": 2,
    "provAbbr": "HYG1",
    "ProvHyg": 0,
    "AptDateTime": "0001-01-01 00:00:00",
    "NextAptNum": 0,
    "UnschedStatus": 92,
    "unschedStatus": "Appointment Scheduled",
    "IsNewPatient": "false",
    "ProcDescript": "PA, Pano, 4-BWX",
    "Assistant": 0,
    "ClinicNum": 0,
    "IsHygiene": "false",
    "DateTStamp": "2026-08-04 09:47:36",
    "DateTimeArrived": "0001-01-01 00:00:00",
    "DateTimeSeated": "0001-01-01 00:00:00",
    "DateTimeDismissed": "0001-01-01 00:00:00",
    "InsPlan1": 12,
    "InsPlan2": 0,
    "DateTimeAskedToArrive": "0001-01-01 00:00:00",
    "colorOverride": "",
    "AppointmentTypeNum": 0,
    "SecUserNumEntry": 1,
    "SecDateTEntry": "2026-08-04 09:47:36",
    "Priority": "Normal",
    "PatternSecondary": "//////",
    "ItemOrderPlanned": 0,
    "IsMirrored": "false"
  }
]

2026-10-02 19:10:16.935 [main] INFO  c.c.o.c.OpenDentalWebhookController - Webhook received: 1 appointment(s)
2026-10-02 19:10:16.935 [main] INFO  c.c.o.c.OpenDentalWebhookController - Webhook appointment -> AptNum=59, PatNum=11, AptStatus=UnschedList, AptDateTime=0001-01-01 00:00:00
2026-10-02 19:10:16.943 [main] INFO  c.c.o.c.OpenDentalWebhookController - Webhook received: 0 document record(s)
2026-10-02 19:10:16.960 [main] INFO  c.c.o.c.OpenDentalWebhookController - Webhook received: 1 procedureLog record(s)
2026-10-02 19:10:16.974 [main] INFO  c.c.o.c.OpenDentalWebhookController - Webhook received: 0 procedureLog record(s)
[INFO] Tests run: 10, Failures: 0, Errors: 0, Skipped: 0, Time elapsed: 0.616 s -- in com.clinic.opendental.controller.OpenDentalWebhookControllerTest
[INFO] Running com.clinic.opendental.controller.PatientFamilyResourcesControllerTest
2026-10-02 19:10:16.991 [main] INFO  o.s.t.c.s.AnnotationConfigContextLoaderUtils - Could not detect default configuration classes for test class [com.clinic.opendental.controller.PatientFamilyResourcesControllerTest]: PatientFamilyResourcesControllerTest does not declare any static, non-private, non-final, nested classes annotated with @Configuration.
2026-10-02 19:10:17.010 [main] INFO  o.s.b.t.c.SpringBootTestContextBootstrapper - Found @SpringBootConfiguration com.clinic.opendental.OpenDentalApiApplication for test class com.clinic.opendental.controller.PatientFamilyResourcesControllerTest

  .   ____          _            __ _ _
 /\\ / ___'_ __ _ _(_)_ __  __ _ \ \ \ \
( ( )\___ | '_ | '_| | '_ \/ _` | \ \ \ \
 \\/  ___)| |_)| | | | | || (_| |  ) ) ) )
  '  |____| .__|_| |_|_| |_\__, | / / / /
 =========|_|==============|___/=/_/_/_/

 :: Spring Boot ::                (v3.3.5)

2026-10-02 19:10:17.078 [main] INFO  c.c.o.c.PatientFamilyResourcesControllerTest - Starting PatientFamilyResourcesControllerTest using Java 17.0.17 with PID 32008 (started by user in C:\0000_Mahesh_apps\000000000_Hamza_Apo-Final-Hamza-app)
2026-10-02 19:10:17.078 [main] INFO  c.c.o.c.PatientFamilyResourcesControllerTest - No active profile set, falling back to 1 default profile: "default"
2026-10-02 19:10:17.845 [main] INFO  o.s.b.t.m.w.SpringBootMockServletContext - Initializing Spring TestDispatcherServlet ''
2026-10-02 19:10:17.846 [main] INFO  o.s.t.w.s.TestDispatcherServlet - Initializing Servlet ''
2026-10-02 19:10:17.847 [main] INFO  o.s.t.w.s.TestDispatcherServlet - Completed initialization in 1 ms
2026-10-02 19:10:17.864 [main] INFO  c.c.o.c.PatientFamilyResourcesControllerTest - Started PatientFamilyResourcesControllerTest in 0.84 seconds (process running for 6.819)
[INFO] Tests run: 9, Failures: 0, Errors: 0, Skipped: 0, Time elapsed: 1.160 s -- in com.clinic.opendental.controller.PatientFamilyResourcesControllerTest
[INFO] Running com.clinic.opendental.dto.appointment.AppointmentResponseDeserializationTest
[INFO] Tests run: 1, Failures: 0, Errors: 0, Skipped: 0, Time elapsed: 0.119 s -- in com.clinic.opendental.dto.appointment.AppointmentResponseDeserializationTest
[INFO] Running com.clinic.opendental.dto.patient.PatientResponseDeserializationTest
[INFO] Tests run: 1, Failures: 0, Errors: 0, Skipped: 0, Time elapsed: 0.021 s -- in com.clinic.opendental.dto.patient.PatientResponseDeserializationTest
[INFO] Running com.clinic.opendental.service.DiseaseDefinitionServiceImplTest
[INFO] Tests run: 3, Failures: 0, Errors: 0, Skipped: 0, Time elapsed: 0.175 s -- in com.clinic.opendental.service.DiseaseDefinitionServiceImplTest
[INFO] Running com.clinic.opendental.service.Impl.ReconciliationSyncServiceDocumentsTest
2026-10-02 19:10:19.047 [main] INFO  c.c.o.s.I.ReconciliationSyncService - Reconciled 0 documents from clinic CLINIC_A (0 inserted, 0 updated, 0 unchanged, 0 stale, 0 duplicates)
[INFO] Tests run: 1, Failures: 0, Errors: 0, Skipped: 0, Time elapsed: 0.574 s -- in com.clinic.opendental.service.Impl.ReconciliationSyncServiceDocumentsTest
[INFO] Running com.clinic.opendental.service.Impl.ReconciliationSyncServicePatFieldsTest
2026-10-02 19:10:19.070 [main] WARN  c.c.o.s.I.ReconciliationSyncService - Skipping pat_field with null PatFieldNum returned by Open Dental for clinic CLINIC_A (cannot insert/update without a primary key)
2026-10-02 19:10:19.071 [main] INFO  c.c.o.s.I.ReconciliationSyncService - RECON_UPSERT integrationId=de1d71f7-0963-46d6-92dc-a8228e65a972 entity=pat_field recordId=101 action=INSERT (missing)
2026-10-02 19:10:19.072 [main] INFO  c.c.o.s.I.ReconciliationSyncService - Reconciled 2 pat_fields from clinic CLINIC_A (1 inserted, 0 updated, 0 unchanged, 0 stale, 0 duplicates)
2026-10-02 19:10:19.100 [main] INFO  c.c.o.s.I.ReconciliationSyncService - Reconciled 1 pat_fields from clinic CLINIC_A (0 inserted, 0 updated, 1 unchanged, 0 stale, 0 duplicates)
2026-10-02 19:10:19.107 [main] INFO  c.c.o.s.I.ReconciliationSyncService - RECON_UPSERT integrationId=704b3764-0cc5-4325-9222-598755512fd1 entity=pat_field recordId=101 action=INSERT (missing)
2026-10-02 19:10:19.107 [main] INFO  c.c.o.s.I.ReconciliationSyncService - Reconciled 1 pat_fields from clinic CLINIC_A (1 inserted, 0 updated, 0 unchanged, 0 stale, 0 duplicates)
2026-10-02 19:10:19.113 [main] INFO  c.c.o.s.I.ReconciliationSyncService - RECON_UPSERT integrationId=570d714a-f945-4f55-be01-e97a41b86cf5 entity=pat_field recordId=2 action=UPDATE (changed)
2026-10-02 19:10:19.113 [main] INFO  c.c.o.s.I.ReconciliationSyncService - Reconciled 2 pat_fields from clinic CLINIC_A (0 inserted, 1 updated, 1 unchanged, 0 stale, 0 duplicates)
[INFO] Tests run: 4, Failures: 0, Errors: 0, Skipped: 0, Time elapsed: 0.064 s -- in com.clinic.opendental.service.Impl.ReconciliationSyncServicePatFieldsTest
[INFO] Running com.clinic.opendental.service.Impl.ReconciliationSyncServicePatientsTest
2026-10-02 19:10:19.124 [main] WARN  c.c.o.s.I.ReconciliationSyncService - Skipping patient with null PatNum returned by Open Dental for clinic CLINIC_A (cannot insert/update without a primary key)
2026-10-02 19:10:19.124 [main] INFO  c.c.o.s.I.ReconciliationSyncService - Reconciled 1 patients from clinic CLINIC_A (0 inserted, 0 updated, 0 unchanged, 0 stale, 0 duplicates)
2026-10-02 19:10:19.129 [main] WARN  c.c.o.s.I.ReconciliationSyncService - Skipping patient with null PatNum returned by Open Dental for clinic CLINIC_A (cannot insert/update without a primary key)
2026-10-02 19:10:19.132 [main] INFO  c.c.o.s.I.ReconciliationSyncService - RECON_UPSERT integrationId=b81916a5-f0b1-4fa1-8c71-f034b218dc76 entity=patient recordId=101 action=INSERT (missing)
2026-10-02 19:10:19.132 [main] INFO  c.c.o.s.I.ReconciliationSyncService - Reconciled 2 patients from clinic CLINIC_A (1 inserted, 0 updated, 0 unchanged, 0 stale, 0 duplicates)
2026-10-02 19:10:19.141 [main] INFO  c.c.o.s.I.ReconciliationSyncService - RECON_UPSERT integrationId=957b80fa-4149-4b2b-9944-9cedaf87e5e0 entity=patient recordId=101 action=INSERT (missing)
2026-10-02 19:10:19.142 [main] INFO  c.c.o.s.I.ReconciliationSyncService - Reconciled 1 patients from clinic CLINIC_A (1 inserted, 0 updated, 0 unchanged, 0 stale, 0 duplicates)
2026-10-02 19:10:19.196 [main] INFO  c.c.o.s.I.ReconciliationSyncService - RECON_UPSERT integrationId=56de9415-dbfd-4fea-bb84-3597ad0abe38 entity=patient recordId=2 action=UPDATE (changed)
2026-10-02 19:10:19.197 [main] INFO  c.c.o.s.I.ReconciliationSyncService - Reconciled 2 patients from clinic CLINIC_A (0 inserted, 1 updated, 1 unchanged, 0 stale, 0 duplicates)
[INFO] Tests run: 4, Failures: 0, Errors: 0, Skipped: 0, Time elapsed: 0.082 s -- in com.clinic.opendental.service.Impl.ReconciliationSyncServicePatientsTest
[INFO] 
[INFO] Results:
[INFO] 
[ERROR] Errors: 
[ERROR]   RestTemplateConfigTest.appliesConfiguredApiKeyToPatientUpdate:33 »  Unresolved compilation problems: 
	This lambda expression refers to the missing type ClientHttpRequestExecution
	ClientHttpRequestExecution cannot be resolved to a type
	Syntax error, insert ":: IdentifierOrNew" to complete ReferenceExpression
	Syntax error, insert ";" to complete BlockStatements
	IOException cannot be resolved to a variable
	request cannot be resolved
	request cannot be resolved
	execution cannot be resolved
	request cannot be resolved to a variable
	body cannot be resolved to a variable

[ERROR]   RestTemplateConfigTest.clinicApiKeyTakesPrecedenceOverConfiguredDefault:50 »  Unresolved compilation problems: 
	This lambda expression refers to the missing type ClientHttpRequestExecution
	ClientHttpRequestExecution cannot be resolved to a type
	Syntax error, insert ":: IdentifierOrNew" to complete ReferenceExpression
	Syntax error, insert ";" to complete BlockStatements
	IOException cannot be resolved to a variable
	request cannot be resolved
	request cannot be resolved
	execution cannot be resolved
	request cannot be resolved to a variable
	body cannot be resolved to a variable

[ERROR]   RestTemplateConfigTest.omitsAuthorizationHeaderWhenNoKeyIsConfigured:68 »  Unresolved compilation problems: 
	This lambda expression refers to the missing type ClientHttpRequestExecution
	ClientHttpRequestExecution cannot be resolved to a type
	Syntax error, insert ":: IdentifierOrNew" to complete ReferenceExpression
	Syntax error, insert ";" to complete BlockStatements
	IOException cannot be resolved to a variable
	request cannot be resolved
	request cannot be resolved
	execution cannot be resolved
	request cannot be resolved to a variable
	body cannot be resolved to a variable

[INFO] 
[ERROR] Tests run: 66, Failures: 0, Errors: 3, Skipped: 0
[INFO] 
[INFO] ------------------------------------------------------------------------
[INFO] BUILD FAILURE
[INFO] ------------------------------------------------------------------------
[INFO] Total time:  12.484 s
[INFO] Finished at: 2026-10-02T19:10:19+05:30
[INFO] ------------------------------------------------------------------------
[ERROR] Failed to execute goal org.apache.maven.plugins:maven-surefire-plugin:3.2.5:test (default-test) on project api: 
[ERROR] 
[ERROR] Please refer to C:\0000_Mahesh_apps\000000000_Hamza_Apo-Final-Hamza-app\target\surefire-reports for the individual test results.
[ERROR] Please refer to dump files (if any exist) [date].dump, [date]-jvmRun[N].dump and [date].dumpstream.
[ERROR] -> [Help 1]
[ERROR] 
[ERROR] To see the full stack trace of the errors, re-run Maven with the -e switch.
[ERROR] Re-run Maven using the -X switch to enable full debug logging.
[ERROR] 
[ERROR] For more information about the errors and possible solutions, please read the following articles:
[ERROR] [Help 1] http://cwiki.apache.org/confluence/display/MAVEN/MojoFailureException
